0000: StackLoc[-12] <-- #0 [STORE]
0001: StackLoc[-8] <-- #0 [STORE]
0002: StackLoc[-12] <-- #3 [STORE]
0003: StackLoc[-8] <-- #5 [STORE]
0004: StackLoc[-12] <-- #3 [STORE]
0005: T1 <-- Addr[StackLoc[-12]]
0006: T2 <-- T1 [ASSIGN]
0007: T3 <-- T1 [ASSIGN]
0008: T7 <-- #5 [ASSIGN]
0009: T5 <-- #3 ADD #5
0010: JMP to 11
0011: PARAM0[call_0] T5
0012: CALL GlobalSym(#0) --> T6
0013: RETURNVALUE T6
