0000: StackLoc[-8] <-- #0 [STORE]
0001: StackLoc[-4] <-- #0 [STORE]
0002: StackLoc[-8] <-- #3 [STORE]
0003: StackLoc[-4] <-- #5 [STORE]
0004: T0 <-- Addr[StackLoc[-8]]
0005: T1 <-- T0 [ASSIGN]
0006: T2 <-- T0 [ASSIGN]
0007: T6 <-- #5 [ASSIGN]
0008: T4 <-- #3 ADD #5
0009: JMP to 10
0010: PARAM0[call_0] T4
0011: CALL GlobalSym(#0) --> T5
0012: RETURNVALUE T5
