0000: StackLoc[-4] <-- P0 [STORE]
0001: StackLoc[-16] <-- #0 [STORE]
0002: StackLoc[-12] <-- #0 [STORE]
0003: StackLoc[-8] <-- #0 [STORE]
0004: T0 <-- StackLoc[-4] [ASSIGN]
0005: T1 <-- Addr[StackLoc[-16]]
0006: PARAM0[call_0] T0
0007: PARAM1[call_0] T1
0008: PARAM2[call_0] #12
0009: CALL GlobalSym(632) CALL #3
